src/academy/dto/complete-lesson.dto.ts(9,3): error TS2564: Property 'lessonId' has no initializer and is not definitely assigned in the constructor.
src/academy/dto/create-course.dto.ts(11,3): error TS2564: Property 'title' has no initializer and is not definitely assigned in the constructor.
src/academy/dto/create-course.dto.ts(15,3): error TS2564: Property 'slug' has no initializer and is not definitely assigned in the constructor.
src/academy/dto/create-course.dto.ts(19,3): error TS2564: Property 'description' has no initializer and is not definitely assigned in the constructor.
src/academy/dto/create-course.dto.ts(23,3): error TS2564: Property 'category' has no initializer and is not definitely assigned in the constructor.
src/academy/dto/create-enrollment.dto.ts(9,3): error TS2564: Property 'courseId' has no initializer and is not definitely assigned in the constructor.
src/academy/dto/create-lesson.dto.ts(15,3): error TS2564: Property 'title' has no initializer and is not definitely assigned in the constructor.
src/admin/dto/advisory-board.dto.ts(21,3): error TS2564: Property 'title' has no initializer and is not definitely assigned in the constructor.
src/admin/dto/advisory-board.dto.ts(25,3): error TS2564: Property 'description' has no initializer and is not definitely assigned in the constructor.
src/admin/dto/advisory-board.dto.ts(30,3): error TS2564: Property 'voteOptions' has no initializer and is not definitely assigned in the constructor.
src/admin/dto/advisory-board.dto.ts(33,3): error TS2564: Property 'deadline' has no initializer and is not definitely assigned in the constructor.
src/admin/dto/advisory-board.dto.ts(36,3): error TS2564: Property 'requiredMajority' has no initializer and is not definitely assigned in the constructor.
src/admin/dto/advisory-board.dto.ts(42,3): error TS2564: Property 'voteId' has no initializer and is not definitely assigned in the constructor.
src/admin/dto/advisory-board.dto.ts(46,3): error TS2564: Property 'option' has no initializer and is not definitely assigned in the constructor.
src/admin/dto/approve-verification.dto.ts(6,3): error TS2564: Property 'currentStage' has no initializer and is not definitely assigned in the constructor.
src/admin/dto/approve-verification.dto.ts(13,3): error TS2564: Property 'approved' has no initializer and is not definitely assigned in the constructor.
src/admin/dto/resolve-dispute.dto.ts(12,3): error TS2564: Property 'resolution' has no initializer and is not definitely assigned in the constructor.
src/auth/dto/login.dto.ts(5,3): error TS2564: Property 'email' has no initializer and is not definitely assigned in the constructor.
src/auth/dto/login.dto.ts(9,3): error TS2564: Property 'password' has no initializer and is not definitely assigned in the constructor.
src/auth/dto/quick-access.dto.ts(5,3): error TS2564: Property 'email' has no initializer and is not definitely assigned in the constructor.
src/auth/dto/register.dto.ts(6,3): error TS2564: Property 'email' has no initializer and is not definitely assigned in the constructor.
src/auth/dto/register.dto.ts(10,3): error TS2564: Property 'name' has no initializer and is not definitely assigned in the constructor.
src/auth/dto/register.dto.ts(14,3): error TS2564: Property 'password' has no initializer and is not definitely assigned in the constructor.
src/auth/dto/register.dto.ts(17,3): error TS2564: Property 'role' has no initializer and is not definitely assigned in the constructor.
src/babalawo-client/dto/create-babalawo-client.dto.ts(10,3): error TS2564: Property 'clientId' has no initializer and is not definitely assigned in the constructor.
src/babalawo-client/dto/create-babalawo-client.dto.ts(13,3): error TS2564: Property 'relationshipType' has no initializer and is not definitely assigned in the constructor.
src/circles/dto/create-circle.dto.ts(13,3): error TS2564: Property 'name' has no initializer and is not definitely assigned in the constructor.
src/disputes/dto/create-dispute.dto.ts(45,3): error TS2564: Property 'respondentId' has no initializer and is not definitely assigned in the constructor.
src/disputes/dto/create-dispute.dto.ts(48,3): error TS2564: Property 'type' has no initializer and is not definitely assigned in the constructor.
src/disputes/dto/create-dispute.dto.ts(51,3): error TS2564: Property 'category' has no initializer and is not definitely assigned in the constructor.
src/disputes/dto/create-dispute.dto.ts(56,3): error TS2564: Property 'title' has no initializer and is not definitely assigned in the constructor.
src/disputes/dto/create-dispute.dto.ts(61,3): error TS2564: Property 'description' has no initializer and is not definitely assigned in the constructor.
src/disputes/dto/resolve-dispute.dto.ts(18,3): error TS2564: Property 'resolution' has no initializer and is not definitely assigned in the constructor.
src/disputes/dto/resolve-dispute.dto.ts(21,3): error TS2564: Property 'resolutionType' has no initializer and is not definitely assigned in the constructor.
src/documents/dto/create-document.dto.ts(5,3): error TS2564: Property 'sharedWith' has no initializer and is not definitely assigned in the constructor.
src/documents/dto/create-document.dto.ts(8,3): error TS2564: Property 'type' has no initializer and is not definitely assigned in the constructor.
src/documents/dto/create-document.dto.ts(12,3): error TS2564: Property 'filename' has no initializer and is not definitely assigned in the constructor.
src/events/dto/create-event.dto.ts(29,3): error TS2564: Property 'title' has no initializer and is not definitely assigned in the constructor.
src/events/dto/create-event.dto.ts(37,3): error TS2564: Property 'type' has no initializer and is not definitely assigned in the constructor.
src/events/dto/create-event.dto.ts(44,3): error TS2564: Property 'startDate' has no initializer and is not definitely assigned in the constructor.
src/forum/dto/create-category.dto.ts(5,3): error TS2564: Property 'name' has no initializer and is not definitely assigned in the constructor.
src/forum/dto/create-category.dto.ts(8,3): error TS2564: Property 'slug' has no initializer and is not definitely assigned in the constructor.
src/forum/dto/create-post.dto.ts(5,3): error TS2564: Property 'threadId' has no initializer and is not definitely assigned in the constructor.
src/forum/dto/create-post.dto.ts(8,3): error TS2564: Property 'content' has no initializer and is not definitely assigned in the constructor.
src/forum/dto/create-thread.dto.ts(5,3): error TS2564: Property 'categoryId' has no initializer and is not definitely assigned in the constructor.
src/forum/dto/create-thread.dto.ts(8,3): error TS2564: Property 'title' has no initializer and is not definitely assigned in the constructor.
src/forum/dto/create-thread.dto.ts(11,3): error TS2564: Property 'content' has no initializer and is not definitely assigned in the constructor.
src/marketplace/dto/create-order.dto.ts(18,3): error TS2564: Property 'productId' has no initializer and is not definitely assigned in the constructor.
src/marketplace/dto/create-order.dto.ts(22,3): error TS2564: Property 'quantity' has no initializer and is not definitely assigned in the constructor.
src/marketplace/dto/create-order.dto.ts(31,3): error TS2564: Property 'vendorId' has no initializer and is not definitely assigned in the constructor.
src/marketplace/dto/create-order.dto.ts(37,3): error TS2564: Property 'items' has no initializer and is not definitely assigned in the constructor.
src/marketplace/dto/create-product-review.dto.ts(9,3): error TS2564: Property 'productId' has no initializer and is not definitely assigned in the constructor.
src/marketplace/dto/create-product-review.dto.ts(14,3): error TS2564: Property 'rating' has no initializer and is not definitely assigned in the constructor.
src/marketplace/dto/create-product.dto.ts(22,3): error TS2564: Property 'name' has no initializer and is not definitely assigned in the constructor.
src/marketplace/dto/create-product.dto.ts(26,3): error TS2564: Property 'category' has no initializer and is not definitely assigned in the constructor.
src/marketplace/dto/create-product.dto.ts(34,3): error TS2564: Property 'description' has no initializer and is not definitely assigned in the constructor.
src/marketplace/dto/create-product.dto.ts(42,3): error TS2564: Property 'price' has no initializer and is not definitely assigned in the constructor.
src/marketplace/dto/create-product.dto.ts(56,3): error TS2564: Property 'images' has no initializer and is not definitely assigned in the constructor.
src/marketplace/dto/create-vendor.dto.ts(21,3): error TS2564: Property 'businessName' has no initializer and is not definitely assigned in the constructor.
src/messaging/dto/create-message.dto.ts(16,3): error TS2564: Property 'receiverId' has no initializer and is not definitely assigned in the constructor.
src/messaging/dto/create-message.dto.ts(21,3): error TS2564: Property 'content' has no initializer and is not definitely assigned in the constructor.
src/messaging/messaging.gateway.ts(25,5): error TS2564: Property 'server' has no initializer and is not definitely assigned in the constructor.
src/payments/dto/verify-payment.dto.ts(5,3): error TS2564: Property 'reference' has no initializer and is not definitely assigned in the constructor.
src/reviews/dto/create-babalawo-review.dto.ts(7,3): error TS2564: Property 'rating' has no initializer and is not definitely assigned in the constructor.
src/reviews/dto/create-course-review.dto.ts(7,3): error TS2564: Property 'rating' has no initializer and is not definitely assigned in the constructor.
src/reviews/dto/create-product-review.dto.ts(7,3): error TS2564: Property 'rating' has no initializer and is not definitely assigned in the constructor.
src/reviews/dto/moderate-review.dto.ts(13,3): error TS2564: Property 'status' has no initializer and is not definitely assigned in the constructor.
src/temples/dto/create-temple.dto.ts(9,3): error TS2564: Property 'name' has no initializer and is not definitely assigned in the constructor.
src/temples/dto/create-temple.dto.ts(19,3): error TS2564: Property 'slug' has no initializer and is not definitely assigned in the constructor.
src/temples/dto/create-temple.dto.ts(94,3): error TS2564: Property 'type' has no initializer and is not definitely assigned in the constructor.
src/tutors/dto/create-tutor-session.dto.ts(9,3): error TS2564: Property 'tutorId' has no initializer and is not definitely assigned in the constructor.
src/tutors/dto/create-tutor-session.dto.ts(12,3): error TS2564: Property 'date' has no initializer and is not definitely assigned in the constructor.
src/tutors/dto/create-tutor-session.dto.ts(15,3): error TS2564: Property 'time' has no initializer and is not definitely assigned in the constructor.
src/tutors/dto/create-tutor-session.dto.ts(23,3): error TS2564: Property 'duration' has no initializer and is not definitely assigned in the constructor.
src/tutors/dto/create-tutor.dto.ts(34,3): error TS2564: Property 'hourlyRate' has no initializer and is not definitely assigned in the constructor.
src/verification/dto/create-verification-application.dto.ts(6,3): error TS2564: Property 'lineage' has no initializer and is not definitely assigned in the constructor.
src/verification/dto/create-verification-application.dto.ts(11,3): error TS2564: Property 'mentorEndorsements' has no initializer and is not definitely assigned in the constructor.
src/verification/dto/create-verification-application.dto.ts(14,3): error TS2564: Property 'yearsOfService' has no initializer and is not definitely assigned in the constructor.
src/verification/dto/create-verification-application.dto.ts(18,3): error TS2564: Property 'documentation' has no initializer and is not definitely assigned in the constructor.
src/verification/dto/create-verification-application.dto.ts(23,3): error TS2564: Property 'specialization' has no initializer and is not definitely assigned in the constructor.
src/verification/dto/create-verification-application.dto.ts(28,3): error TS2564: Property 'languages' has no initializer and is not definitely assigned in the constructor.
src/wallet/dto/sync-actions.dto.ts(14,3): error TS2564: Property 'id' has no initializer and is not definitely assigned in the constructor.
src/wallet/dto/sync-actions.dto.ts(17,3): error TS2564: Property 'type' has no initializer and is not definitely assigned in the constructor.
src/wallet/dto/sync-actions.dto.ts(20,3): error TS2564: Property 'endpoint' has no initializer and is not definitely assigned in the constructor.
src/wallet/dto/sync-actions.dto.ts(23,3): error TS2564: Property 'method' has no initializer and is not definitely assigned in the constructor.
src/wallet/dto/sync-actions.dto.ts(32,3): error TS2564: Property 'actions' has no initializer and is not definitely assigned in the constructor.
