
> @ile-ase/backend@0.1.0 test
> jest src/appointments/appointments.service.spec.ts

FAIL src/appointments/appointments.service.spec.ts (6.179 s)
  AppointmentsService
    ÔêÜ should be defined (9 ms)
    createBooking
      ÔêÜ should create an appointment successfully (4 ms)
      ÔêÜ should throw BadRequestException for past date (17 ms)
      ÔêÜ should throw ConflictException if time slot is taken (3 ms)
      ÔêÜ should throw BadRequestException if insufficient funds (1 ms)
    updateStatus
      ÔêÜ should confirm appointment (1 ms)
      ÔêÜ should refund escrow on cancellation (1 ms)
      ÔêÜ should release escrow on completion (1 ms)
      ÔêÜ should throw ForbiddenException if client tries to confirm (1 ms)
    getAvailableTimeSlots
      ├ù should return available slots based on schedule (6 ms)

  ÔùÅ AppointmentsService ÔÇ║ getAvailableTimeSlots ÔÇ║ should return available slots based on schedule

    expect(received).toEqual(expected) // deep equality

    - Expected  - 1
    + Received  + 1

      Array [
    -   "09:00 AM",
    +   "9:00 AM",
        "10:00 AM",
      ]

      257 |       // 10:00 -> 11:00 (ok)
      258 |       // 11:00 -> 12:00 (no)
    > 259 |       expect(slots).toEqual(['09:00 AM', '10:00 AM']);
          |                     ^
      260 |     });
      261 |   });
      262 | });

      at Object.<anonymous> (appointments/appointments.service.spec.ts:259:21)

Test Suites: 1 failed, 1 total
Tests:       1 failed, 9 passed, 10 total
Snapshots:   0 total
Time:        6.418 s, estimated 8 s
Ran all test suites matching /src\\appointments\\appointments.service.spec.ts/i.
npm error Lifecycle script `test` failed with error:
npm error code 1
npm error path C:\Users\Test\ifa_app\backend
npm error workspace @ile-ase/backend@0.1.0
npm error location C:\Users\Test\ifa_app\backend
npm error command failed
npm error command C:\WINDOWS\system32\cmd.exe /d /s /c jest src/appointments/appointments.service.spec.ts
